
Preparing to find greatest fixpoint...

Inputs
--------
Reading from file test/sample/binary0.msmt
Qualifier "Pos" [Var IntS "v"] (Binary Le (IntLit 0) (Var IntS "v"))
Qualifier "Neg" [Var IntS "v"] (Binary Le (Var IntS "v") (IntLit 0))

QMAP
--------
fromList []

Candidates
--------
[Candidate {solution = fromList [], validConstraints = fromList [], invalidConstraints = fromList [], label = "0"}]


Final candidates: 
0: [] (0 0)

