
Preparing to find greatest fixpoint...

Inputs
--------
Reading from file test/sample/cons00.msmt
SortDecl "List" 1
Qualifier "eq" [Var (DataS "List" [IntS]) "x"] (Binary Eq (Var (DataS "List" [IntS]) "x") (Cons (DataS "List" [IntS]) "List" [IntLit 2]))

QMAP
--------
fromList []

Candidates
--------
[Candidate {solution = fromList [], validConstraints = fromList [], invalidConstraints = fromList [], label = "0"}]


Final candidates: 
0: [] (0 0)

