
Preparing to find greatest fixpoint...

Inputs
--------
Reading from file test/sample/len00.msmt
SortDecl "Tuple" 2
UninterpFunction "len" [SetS (VarS "1")] IntS
Qualifier "ListZ" [Var (SetS (VarS "0")) "v"] (Binary Ge (Func IntS "len" [Var (SetS (VarS "1")) "v"]) (IntLit 0))
WFConstraint "$k0" [Var (SetS (DataS "Tuple" [IntS,VarS "a"])) "v"]
HornConstraint [Var (SetS (DataS "Tuple" [IntS,VarS "a"])) "v"] (Binary Implies (Binary Ge (Func IntS "len" [Var (SetS (DataS "Tuple" [IntS,VarS "a"])) "v"]) (IntLit 0)) (Unknown (fromList [("v",Var (SetS (DataS "Tuple" [IntS,VarS "a"])) "v")]) "$k0"))
HornConstraint [Var (SetS (DataS "Tuple" [IntS,VarS "a"])) "v"] (Binary Implies (Unknown (fromList [("v",Var (SetS (DataS "Tuple" [IntS,VarS "a"])) "v")]) "$k0") (Binary Ge (Func IntS "len" [Var (SetS (DataS "Tuple" [IntS,VarS "a"])) "v"]) (IntLit 0)))

QMAP
--------
fromList [("$k0",QSpace {_qualifiers = [], _maxCount = 0})]

Candidates
--------
[]


Final candidates: 

