
Preparing to find greatest fixpoint...

Inputs
--------
Reading from file test/sample/qmap1a.msmt
Qualifier "Less" [Var IntS "a",Var IntS "b"] (Binary Lt (Var IntS "a") (Var IntS "b"))
WFConstraint "$k0" [Var IntS "v0",Var IntS "v1"]

QMAP
--------
fromList [("$k0",QSpace {_qualifiers = [Binary Lt (Var IntS "v0") (Var IntS "v1"),Binary Lt (Var IntS "v1") (Var IntS "v0")], _maxCount = 2})]

Candidates
--------
[Candidate {solution = fromList [("$k0",fromList [])], validConstraints = fromList [], invalidConstraints = fromList [], label = "0"}]


Final candidates: 
0: [$k0 -> {}] (0 0)

