
Preparing to find greatest fixpoint...

Inputs
--------
Reading from file test/./sample/qmap0.smt2
Qualifier "Discard" [Var BoolS "b"] (Binary Eq (Var BoolS "b") (Var BoolS "b"))
Qualifier "Accept" [Var IntS "v"] (Binary Le (Var IntS "v") (IntLit 0))
WFConstraint "$k0" [Var IntS "v0"]
WFConstraint "$k1" [Var BoolS "b0"]
WFConstraint "$k2" [Var IntS "v1",Var BoolS "b1"]

QMAP
--------
fromList [("$k0",QSpace {_qualifiers = [Binary Le (Var IntS "v0") (IntLit 0)], _maxCount = 1}),("$k1",QSpace {_qualifiers = [Binary Eq (Var BoolS "b0") (Var BoolS "b0")], _maxCount = 1}),("$k2",QSpace {_qualifiers = [Binary Eq (Var BoolS "b1") (Var BoolS "b1"),Binary Le (Var IntS "v1") (IntLit 0)], _maxCount = 2})]

Candidates
--------
[Candidate {solution = fromList [("$k0",fromList []),("$k1",fromList []),("$k2",fromList [])], validConstraints = fromList [], invalidConstraints = fromList [], label = "0"}]


Final candidates: 
0: [$k0 -> {}, $k1 -> {}, $k2 -> {}] (0 0)

