
Preparing to find greatest fixpoint...

Inputs
--------
Reading from file test/sample/qmap1b.msmt
Qualifier "Sum" [Var IntS "a",Var IntS "b",Var IntS "c"] (Binary Eq (Binary Plus (Var IntS "a") (Var IntS "b")) (Var IntS "c"))
WFConstraint "$k0" [Var IntS "v0",Var IntS "v1",Var IntS "v2"]

QMAP
--------
fromList [("$k0",QSpace {_qualifiers = [Binary Eq (Binary Plus (Var IntS "v0") (Var IntS "v1")) (Var IntS "v2"),Binary Eq (Binary Plus (Var IntS "v0") (Var IntS "v2")) (Var IntS "v1"),Binary Eq (Binary Plus (Var IntS "v1") (Var IntS "v0")) (Var IntS "v2"),Binary Eq (Binary Plus (Var IntS "v1") (Var IntS "v2")) (Var IntS "v0"),Binary Eq (Binary Plus (Var IntS "v2") (Var IntS "v0")) (Var IntS "v1"),Binary Eq (Binary Plus (Var IntS "v2") (Var IntS "v1")) (Var IntS "v0")], _maxCount = 6})]

Candidates
--------
[Candidate {solution = fromList [("$k0",fromList [])], validConstraints = fromList [], invalidConstraints = fromList [], label = "0"}]


Final candidates: 
0: [$k0 -> {}] (0 0)

