
Preparing to find greatest fixpoint...

Inputs
--------
Reading from file test/sample/test3.smt2
Qualifier "Zog" [Var (VarS "a") "v",Var (VarS "b") "z"] (Binary Eq (Var (VarS "a") "v") (Var (VarS "b") "z"))
WFConstraint "$k0" [Var IntS "v",Var IntS "x"]
HornConstraint [Var IntS "v",Var IntS "q"] (Binary Implies (Binary Eq (Var IntS "v") (Var IntS "q")) (Unknown (fromList [("v",Var IntS "v"),("x",Var IntS "q")]) "$k0"))
HornConstraint [Var IntS "v",Var IntS "y"] (Binary Implies (Binary And (Unknown (fromList [("v",Var IntS "v"),("x",Var IntS "y")]) "$k0") (Binary Eq (Var IntS "y") (IntLit 10))) (Binary Eq (Var IntS "v") (IntLit 10)))

QMAP
--------
fromList [("$k0",QSpace {_qualifiers = [Binary Eq (Var IntS "v") (Var IntS "x"),Binary Eq (Var IntS "x") (Var IntS "v")], _maxCount = 2})]

Candidates
--------
[Candidate {solution = fromList [("$k0",fromList [Binary Eq (Var IntS "x") (Var IntS "v")])], validConstraints = fromList [Binary Implies (Binary Eq (Var IntS "v") (Var IntS "q")) (Unknown (fromList [("v",Var IntS "v"),("x",Var IntS "q")]) "$k0"),Binary Implies (Binary And (Unknown (fromList [("v",Var IntS "v"),("x",Var IntS "y")]) "$k0") (Binary Eq (Var IntS "y") (IntLit 10))) (Binary Eq (Var IntS "v") (IntLit 10))], invalidConstraints = fromList [], label = "0.0"},Candidate {solution = fromList [("$k0",fromList [Binary Eq (Var IntS "v") (Var IntS "x")])], validConstraints = fromList [Binary Implies (Binary Eq (Var IntS "v") (Var IntS "q")) (Unknown (fromList [("v",Var IntS "v"),("x",Var IntS "q")]) "$k0"),Binary Implies (Binary And (Unknown (fromList [("v",Var IntS "v"),("x",Var IntS "y")]) "$k0") (Binary Eq (Var IntS "y") (IntLit 10))) (Binary Eq (Var IntS "v") (IntLit 10))], invalidConstraints = fromList [], label = "0.1"}]


Final candidates: 
0.0: [$k0 -> {x [37m==[0m v}] (2 0)
0.1: [$k0 -> {v [37m==[0m x}] (2 0)

