
Preparing to find greatest fixpoint...

Inputs
--------
Reading from file test/sample/unary0.msmt
Qualifier "Neg" [Var IntS "i"] (Unary Neg (Var IntS "i"))
Qualifier "Not" [Var BoolS "b"] (Unary Not (Var BoolS "b"))

QMAP
--------
fromList []

Candidates
--------
[Candidate {solution = fromList [], validConstraints = fromList [], invalidConstraints = fromList [], label = "0"}]


Final candidates: 
0: [] (0 0)

