
Preparing to find greatest fixpoint...

Inputs
--------
Reading from file test/./sample/var00.smt2
WFConstraint "$k0" [Var IntS "_v",Var IntS "x"]

QMAP
--------
fromList [("$k0",QSpace {_qualifiers = [], _maxCount = 0})]

Candidates
--------
[Candidate {solution = fromList [("$k0",fromList [])], validConstraints = fromList [], invalidConstraints = fromList [], label = "0"}]


Final candidates: 
0: [$k0 -> {}] (0 0)

